[harn] a/c
[harn] /a/c
[harn] a/b/c
[harn] /
[harn] a/b
[harn] /a
[harn] c.rs
[harn] c
[harn] .rs
[harn] .gz
[harn] a/b/c.txt
[harn] a/b/c.txt
[harn] a/b/main.rs
[harn] true
[harn] true
[harn] false
[harn] true
[harn] a/b/c
[harn] c
[harn] ../c
[harn] src
[harn] main
[harn] .rs
[harn] main.rs
[harn] 3
