serial.status=done
serial.observed=4
serial.peak=1
parallel.status=done
parallel.observed=4
parallel.peak=4
capped.status=done
capped.observed=4
capped.peak=2
no_middleware.status=done
no_middleware.peak=4
audit.status=done
audit.receipt_count=3
audit.emit_bitmask=7
prefetch_off.status=done
prefetch_off.llm_turns=2
prefetch_off.second_before_audit=0
prefetch_off.audit_finished=2
prefetch_on.status=done
prefetch_on.llm_turns=2
prefetch_on.second_before_audit=1
prefetch_on.audit_finished=2
