true
{"accounting_status":"reported","cache_hit_ratio":null,"cache_read_tokens":4,"cache_savings_usd":0.0,"cache_supported":true,"cache_visibility":"undeclared","cache_write_tokens":2,"cost_usd":0.0,"input_tokens":23,"known_cost_usd":0.0,"output_tokens":9,"provider_attempts":{"empty_completion":0,"other":0,"rate_limited":0,"retries":0,"total":1},"provider_call_count":1,"provider_telemetry":{"source":"mock_replay"},"reported_total_tokens":null,"served_fast":false,"unpriced_calls":0,"usage_unknown_calls":0}
