tool_call.read
tool_call
call_1
sess_alpha
read
call_1
2
sess_alpha
harn
ok
true
read
call_1
harn
tool_call.dispatched
tool_call.result_returned
2
tool_call.with_consent
tool_call.with_rate_limit
3
50
true
ok
error
scope_violation
3
tool_call.scope_violation
scope_violation
false
tool_call:call_3
merge_captain
preview
dev
1
1
true
42
review_captain
