1
transcript.reminder.provider_evaluated
lifecycle_provider
SessionIdle
true
transcript.reminder.injected
stdlib_provider
transcript.reminder.fired
true
4
developer
transcript.reminder.iteration_summary
true
4
1
stdlib_provider
developer
transcript.reminder.dropped
true
bad-reminder
invalid
true
true
true
