fail_fast
2
drop_oldest
1
1
rejected
drop_oldest
completed
newest
drop_newest
1
1
completed
old
rejected
drop_newest
ring_buffer
1
1
rejected
ring_buffer
completed
newest
true
true
completed
queued
true
true
completed
warmup
true
returned
completed
queued
late
pool_drop
drop_oldest
harn.pool_drop.v1
drop_newest
ring_buffer
