local_status=done
local_records=1
schema_version=1
reason=Need a receipt
receipt_status=ok
secret_redacted=true
args_hash_redacted=true
result_hash_present=true
receipt_uri_in_receipt=true
receipt_uri_in_audit_event=true
reminder_audit_origin=tool_hook
reminder_lifecycle_count=1
reminder_hook_event=PreToolUse
reminder_tool_call_id=true
reminder_source=hook
reminder_role_hint=developer
reminder_tag=receipt
cloud_receipts=1
cloud_reason=Need a receipt
cloud_omits_receipt_uri=true
cloud_reminder_audit=true
