phased.status=done
phased.executed=7
phased.deferred=11
phased.reproposed=11
blocked.status=done
blocked.skipped=2
blocked.counters.verify=1
blocked.counters.done=1
rearmed.status=done
rearmed.skipped=2
partitioned.status=done
partitioned.executed=5
status.status=done
status.executed=4
durable.status=done
durable.reproposed=2
