done
true
0
done
true
true
applied
done
true
true
read_only_streak
done
true
read_only_streak
done
true
0
done
true
0
done
true
0
done
true
json
done
true
suppressed
tool_call_opener_unavailable
done
true
0
done
true
external_llm_caller_unsupported
done
true
multi_route_prefill_unsupported
done
true
true
2
max_firings_exhausted
