fenced.no_claim=true
fenced.status=done
fenced.nudge=true
fenced.no_missing=true
missing.status=done
missing.nudge=true
missing.not_fenced=true
multilingual.status=done
multilingual.nudge=true
multilingual.not_fenced=true
realcall.successful=["edit"]
realcall.no_fenced=true
realcall.no_missing=true
kwargshape.status=done
kwargshape.no_missing=true
streak.none_after_progress=true
streak.escalates=true
judged_owner.no_missing=true
judged_owner.no_exemplar=true
judged_owner.calls=2
claim_fact.first_turn=false
claim_fact.repair_turn=true
claim_fact.tool=edit
judge_false.status=done
judge_false.exemplar=true
host_advisory.exemplar=true
host_advisory.suppressed_on_claimed_turn=true
host_stop.stop_reason=host_said_stop
host_stop.no_exemplar=true
single_shot.status=done
single_shot.not_claimed=true
exemplar.names_required_arg=true
exemplar.marks_placeholder=false
exemplar.not_empty_args=true
malformed.diagnosed=true
malformed.not_absent_call=true
malformed.silent_on_prose=true
malformed.silent_on_parse_rejection=true
invalid_classifier=true
true
invalid_enabled=true
true
invalid_options=true
true
invalid_threshold=true
invalid_threshold.code=true
invalid_threshold.field=true
invalid_threshold.bounds=true
