capped.status=verify_capped
capped.stop_reason=completion_judge_cap_reached
capped.invocations=2
capped.vetoes=2
capped.max_invocations=2
capped.cap_reached=true
capped.judge_decisions=2
capped.calls=5
approved.status=done
approved.invocations=1
approved.vetoes=0
approved.max_invocations=5
approved.cap_reached=false
approved.calls=2
disabled.status=verify_exhausted
disabled.stop_reason=sentinel
disabled.invocations=2
disabled.cap_reached=false
disabled.judge_decisions=2
diagnosis.status=done
diagnosis.injected=true
diagnosis.next_step_injected=true
diagnosis.reasoning_observable=true
