sv1.status=done
sv1.decisions=1
sv1.vetoed=true
sv1.iterations=3
sv1.feedback=true
sv1.tool_messages=1
raise.err=true
raise.message=true
raise.calls=1
phantom.decisions=1
phantom.vetoed=true
phantom.iterations=3
phantom.tool_messages=1
phantom_ok.status=done
phantom_ok.decisions=0
phantom_ok.iterations=2
well_formed.decisions=1
well_formed.vetoed=true
well_formed.tool_messages=1
well_formed_ok.status=done
well_formed_ok.decisions=0
well_formed_ok.iterations=2
cap.decisions=1
cap.vetoed=true
cap.iterations=3
cap_ok.status=done
cap_ok.decisions=0
cap_ok.iterations=1
warn.status=done
warn.decisions=1
warn.vetoed=false
warn.on_failure=warn_only
warn.iterations=1
