fenced.status=done
fenced.nudge=true
fenced.vocab_json=true
fenced.no_tag=true
missing.status=done
missing.nudge=true
missing.vocab_json=true
missing.no_tag=true
realcall.successful=["edit"]
realcall.no_fenced=true
realcall.no_missing=true
same_turn.status=done
same_turn.successful=["edit"]
same_turn.iterations=2
same_turn.final=Done after observation.
duplicate.status=done
duplicate.successful=["inspect"]
duplicate.calls=1
duplicate.iterations=2
duplicate.final=Observed once.
native_duplicate.status=done
native_duplicate.successful=["inspect","inspect"]
native_duplicate.calls=2
native_duplicate.iterations=2
native_duplicate.final=Observed twice.
