colliding_one_veto.vetoes=1
colliding_one_veto.requests_ending_on_assistant=0
colliding_one_veto.marker_reaches_model=true
colliding_one_veto.every_marker_followed_by_directive=true
colliding_two_vetoes.vetoes=2
colliding_two_vetoes.requests_ending_on_assistant=0
colliding_two_vetoes.marker_reaches_model=true
colliding_two_vetoes.every_marker_followed_by_directive=true
control_one_veto.vetoes=1
control_one_veto.requests_ending_on_assistant=0
control_one_veto.marker_reaches_model=true
control_one_veto.every_marker_followed_by_directive=true
control_two_vetoes.vetoes=2
control_two_vetoes.requests_ending_on_assistant=0
control_two_vetoes.marker_reaches_model=true
control_two_vetoes.every_marker_followed_by_directive=true
