text.status=done
text.has_streak=true
text.has_tool_call_tag=true
text.has_user_response_tag=true
text.no_native_final=true
native.status=done
native.has_streak=true
native.has_native_final=true
native.has_native_tool=true
native.no_tool_call_tag=true
native.no_user_response_tag=true
json.status=done
json.has_streak=true
json.has_tool_fence=true
json.no_tool_call_tag=true
json.no_user_response_tag=true
rejected.status=done
rejected.has_failure=true
rejected.no_streak=true
