capped.status=completion_unverified
capped.stop_reason=completion_judge_cap_reached
capped.invocations=2
capped.vetoes=2
capped.max_invocations=2
capped.cap_reached=true
capped.judge_decisions=2
capped.calls=5
capped.terminal_kind=completion_unverified
capped.terminal_reason=completion_judge_cap_reached
approved.status=done
approved.invocations=1
approved.vetoes=0
approved.max_invocations=5
approved.cap_reached=false
approved.calls=2
disabled.status=verify_exhausted
disabled.stop_reason=sentinel
disabled.invocations=2
disabled.cap_reached=false
disabled.judge_decisions=2
diagnosis.status=done
diagnosis.injected=true
diagnosis.next_step_recorded=true
diagnosis.reasoning_observable=true
natural_after_veto.status=completion_unverified
natural_after_veto.stop_reason=completion_judge_cap_reached
natural_after_veto.invocations=2
natural_after_veto.vetoes=2
natural_after_veto.cap_reached=true
