format=native
0
format=native
0
format=json
1
warning
testcatalog
uncatalogued-model
preferred_tool_format
json
format=json
1
unresolved
missing_model
json
```tool

1
0
format=text
1
testcatalog
catalogued-native
text
native
interchangeable
true
format=text
1
native
text
native_unreliable
true
format=native
1
native
text
native_unreliable
cross-check native parser drift
true
bool
warning: tool_format override: testcatalog:native-unreliable-route requested native, route pins text, steering to text (parity: native_unreliable)
warning: tool_format override: testcatalog:catalogued-native requested text over recommended native (parity: interchangeable)
