fenced.status=done
fenced.nudge=true
fenced.no_missing=true
missing.status=done
missing.nudge=true
missing.not_fenced=true
multilingual.status=done
multilingual.nudge=true
multilingual.not_fenced=true
realcall.successful=["edit"]
realcall.no_fenced=true
realcall.no_missing=true
kwargshape.status=done
kwargshape.no_missing=true
streak.none_after_progress=true
streak.escalates=true
invalid_classifier=true
true
invalid_enabled=true
true
invalid_options=true
true
invalid_threshold=true
invalid_threshold.code=true
invalid_threshold.field=true
invalid_threshold.bounds=true
