A.status=done
A.gate_calls=4
A.reasons=no_source_write,no_source_write,no_source_write,veto_budget_exhausted
A.confirms=false,false,false,true
B.status=done
B.session_matches=true
B.has_task=true
B.messages_is_list=true
B.reasons=verified_after_write
B.confirms=true
C.status=budget_exhausted
C.is_done=false
C.reasons=verification_after_write_red,verification_after_write_red,verification_after_write_red
D.facts_available=false
D.status=done
D.reasons=facts_unavailable
D.confirms=true
