A.status=done
A.lane=explicit_patch
A.has_edit=true
A.has_look=true
A.has_git=false
A.has_run_codemod=false
A.has_glob=false
B.status=done
B.lane=general
B.has_git=true
B.has_run_codemod=true
C.status=done
C.edit_succeeded=true
C.git_succeeded=false
D.status=done
D.verdict_count=2
D.evidence_names_lane=true
D.label=in_scope
