first_ok=true
first_suspended=true
source_snapshot_exists=true
export_ok=true
validate_ok=true
import_ok=true
worker_snapshot_count=1
imported_snapshot_exists=true
snapshot_rewritten=true
snapshot_self_ref_rewritten=true
suspension_ref_rewritten=true
transcript_prefix_preserved=true
resume_command_points_to_snapshot=true
imported_run_metadata_rewritten=true
source_resume_ok=true
source_host_removed=true
resume_ok=true
resume_signature_matches_source=true
event_type=result
resumed_status=completed
has_transcript=true
summary_contains_mock=true
