json fence.nested parsed
json fence.flat parsed
json fence.empty_args parsed
json fence.drift_spelling parsed
json fence.prose_around parsed
json fence.nested_fence parsed
json fence.truncated rejected
json fence.unclosed_json rejected
json tagged_json.nested_closed parsed
json tagged_json.flat_closed parsed
json tagged_json.nested_open parsed
json tagged_json.flat_open parsed
json tagged_json.label_generic parsed
json tagged_json.label_tool_name parsed
json tagged_json.label_closed parsed
json tagged_json.label_names_bare_args parsed
json tagged_json.label_prose_around parsed
json tagged_json.truncated rejected
json tagged_json.no_name rejected
json tagged_json.empty_args parsed
json tagged_expr.closed parsed
json tagged_expr.same_line parsed
json tagged_expr.unclosed parsed
json tagged_expr.bare_opener parsed
json tagged_expr.inline_backticks parsed
json tagged_expr.unknown_tool rejected
json envelope.markers parsed
json envelope.function_markup parsed
json envelope.unclosed_marker rejected
json opener.tag_tool parsed
json opener.tag_tool_use parsed
json opener.tag_tool_unclosed parsed
json opener.brackets parsed
json opener.brackets_unclosed parsed
json opener.brackets_two_calls parsed
json opener.prose_then_tag parsed
json mixed.envelope_then_fence parsed
json mixed.fence_then_envelope parsed
json mixed.prose_around_envelope parsed
text fence.nested parsed
text fence.flat parsed
text fence.empty_args parsed
text fence.drift_spelling parsed
text fence.prose_around parsed
text fence.nested_fence parsed
text fence.truncated rejected
text fence.unclosed_json rejected
text tagged_json.nested_closed parsed
text tagged_json.flat_closed parsed
text tagged_json.nested_open parsed
text tagged_json.flat_open parsed
text tagged_json.label_generic parsed
text tagged_json.label_tool_name parsed
text tagged_json.label_closed parsed
text tagged_json.label_names_bare_args parsed
text tagged_json.label_prose_around parsed
text tagged_json.truncated rejected
text tagged_json.no_name rejected
text tagged_json.empty_args parsed
text tagged_expr.closed parsed
text tagged_expr.same_line parsed
text tagged_expr.unclosed parsed
text tagged_expr.bare_opener parsed
text tagged_expr.inline_backticks parsed
text tagged_expr.unknown_tool rejected
text envelope.markers parsed
text envelope.function_markup parsed
text envelope.unclosed_marker rejected
text opener.tag_tool parsed
text opener.tag_tool_use parsed
text opener.tag_tool_unclosed parsed
text opener.brackets parsed
text opener.brackets_unclosed parsed
text opener.brackets_two_calls parsed
text opener.prose_then_tag parsed
text mixed.envelope_then_fence parsed
text mixed.fence_then_envelope rejected
text mixed.prose_around_envelope parsed
native fence.nested parsed
native fence.flat parsed
native fence.empty_args parsed
native fence.drift_spelling parsed
native fence.prose_around parsed
native fence.nested_fence parsed
native fence.truncated rejected
native fence.unclosed_json rejected
native tagged_json.nested_closed parsed
native tagged_json.flat_closed parsed
native tagged_json.nested_open parsed
native tagged_json.flat_open parsed
native tagged_json.label_generic parsed
native tagged_json.label_tool_name parsed
native tagged_json.label_closed parsed
native tagged_json.label_names_bare_args parsed
native tagged_json.label_prose_around parsed
native tagged_json.truncated rejected
native tagged_json.no_name rejected
native tagged_json.empty_args parsed
native tagged_expr.closed parsed
native tagged_expr.same_line parsed
native tagged_expr.unclosed parsed
native tagged_expr.bare_opener parsed
native tagged_expr.inline_backticks parsed
native tagged_expr.unknown_tool rejected
native envelope.markers parsed
native envelope.function_markup parsed
native envelope.unclosed_marker rejected
native opener.tag_tool parsed
native opener.tag_tool_use parsed
native opener.tag_tool_unclosed parsed
native opener.brackets parsed
native opener.brackets_unclosed parsed
native opener.brackets_two_calls parsed
native opener.prose_then_tag parsed
native mixed.envelope_then_fence rejected
native mixed.fence_then_envelope rejected
native mixed.prose_around_envelope rejected
json large.round_trip 9371
text large.round_trip 9371
native large.round_trip 9371
