universal.git_push_force_main error
universal.git_push_force_main error
universal.git_push_force_main error
universal.git_push_force_main error
miss
miss
miss
universal.rm_rf_root_adjacent error
universal.rm_rf_root_adjacent error
universal.rm_rf_root_adjacent error
universal.rm_rf_root_adjacent error
universal.rm_rf_root_adjacent error
miss
miss
miss
