true
1
done
s-1
true
2
version_mismatch
99
schema_invalid
malformed
missing
5
3
true:system_prompt
1
true
true:context_manifest
agent.main
false:future_event
true
malformed:6
schema_invalid:7
version_mismatch:8:99
true
2
5
you are helpful
p:m
native
1:1:1
true
version_mismatch
text_call
native_call
historical_call
std/agent/artifacts: provider response carries conflicting tool-call projections
