mem miss.hit=false
mem miss.backend=mem
mem hit.hit=true
mem hit.value={"answer":42}
mem evicted_a=true
mem stats.hits=1
mem stats.misses=2
mem cleared=true
fs miss.hit=false
fs miss.backend=fs
fs hit.hit=true
fs hit.value={"answer":42}
fs evicted_a=true
fs stats.hits=1
fs stats.misses=2
fs cleared=true
sqlite miss.hit=false
sqlite miss.backend=sqlite
sqlite hit.hit=true
sqlite hit.value={"answer":42}
sqlite evicted_a=true
sqlite stats.hits=1
sqlite stats.misses=2
sqlite cleared=true
