harn.dashboard_job_event.v1
harn-local
cloud:harn-cloud
waiting_approval
approval-digest-send-slack
true
dlq
permission_denied
true
harn://local/receipts/receipt-digest-001
replay-stale-pr-001
harn.dashboard_jobs_view.v1
3
succeeded
true
3
approved
1
dlq
dlq-stale-pr-001
1
true
true
running
12
dashboard_job_event
daily-digest
harn.dashboard_job_event.v1
remote-clock:2026-05-11T14:00:01Z
true
true
true
true
true
