true
exact
1
1
true
false
ambiguous_match
2
0
0
false
whitespace_only
true
structural
true
true
false
no_match
true
structural
false
lazy_placeholder
false
lazy_placeholder
false
lazy_placeholder
false
lazy_placeholder
true
a
B
c
true
a
b
c
true
a
c
true
a
c
foo
bar
baz

foo
bar
baz

true
FOO
BAR
BAZ

your old_string used tabs but the file uses spaces
your old_string was missing 1 blank line(s) that the file has
true
false
lazy_truncation
true
true
true
true
