harn.job_event.v1
queued
harn.local
true
3
cloud:tenant_acme:workspace_burin
receipt_release_gate_001
fixtures/release_gate.json
true
receipt_available:receipt_release_gate_002
waiting_approval:approval_release_gate_001
dlq:provider_5xx
true
true
true
9
scheduled_job.created
waiting_approval:approval_release_gate_001
dlq:dlq_github_review_001
receipt_daily_digest_001
fixture_github_review_dlq_001
harn.job_event_fixture_stream.v1
9
receipt_available
job_event
job_daily_digest
harn.job_event.v1
