result_ok=true
result_err=true
failure_message_nonempty=true
failure_has_issues=true
failure_has_errors=true
json_has_path=true
json_has_message=true
json_has_code=true
issue_code_is_string=true
default_role=member
report_ok=false
report_issue_count_positive=true
report_error_count_positive=true
validator_is=true
validator_check_ok=true
validator_check_err=true
validator_expect_role=member
validator_issue_count_positive=true
good_json=schema:true
bad_json=json_parse:false
fallback_name=fallback
