[harn] 1.2.3
[harn] 1.2.3
[harn] <empty>
[harn] v1.2.3
[harn] v1.2.3
[harn] <empty>
[harn] true
[harn] true
[harn] false
[harn] false
[harn] false
[harn] false
[harn] false
[harn] false
[harn] false
[harn] false
[harn] false
[harn] 1
[harn] 2
[harn] 3
[harn] 0
[harn] 0
[harn] 0
[harn] <nil>
[harn] <nil>
[harn] <nil>
[harn] <nil>
[harn] <nil>
[harn] <nil>
[harn] <nil>
[harn] <nil>
[harn] <nil>
[harn] v0.0.0
[harn] v1.2.3
[harn] v1.2.10
[harn] v2.10.0
[harn] v2.10.0
[harn] v10.0.0
[harn] v9223372036854775807.0.0
[harn] v3.0.0
[harn] v3.0.0
[harn] 1.2.4
[harn] 1.3.0
[harn] 2.0.0
[harn] 0.8.44
[harn] patch
[harn] minor
[harn] major
[harn] <nil>
[harn] <nil>
[harn] <nil>
[harn] <nil>
[harn] patch
[harn] 1.2.3
[harn] <empty>
[harn] <empty>
[harn] <empty>
[harn] <empty>
[harn] <empty>
[harn] <empty>
[harn] 1.2.3
[harn] 1.2.3
