[harn] testFilePatterns
[harn] a
[harn] empty:
[harn] test_file_patterns
[harn] http_server
[harn] already_snake
[harn] empty:
[harn] TestFilePatterns
[harn] test_file_patterns
[harn] http_server
[harn] testFilePatterns
[harn] test-file-patterns
[harn] test-file-patterns
[harn] test_file_patterns
[harn] Hello
[harn] hello
[harn] Hello World From Harn
[harn] abc_def_ghi
[harn] fooBarBaz
