1)  Alpha — recent
2)  Beta
3)  gamma
Pick (1-3; q to exit)> ok=true status=selected value=beta
1) *Alpha — recent
2)  Beta
3)  gamma
Select (1-3; q to exit)> ok=true status=selected value=alpha
1)  Alpha — recent
2)  Beta
3)  gamma
Select (1-3; q to exit)> ok=false status=cancelled value=ABORTED
1)  Alpha — recent
2)  Beta
3)  gamma
Select (1-3; q to exit)> ok=false status=eof value=nil
1)  Alpha — recent
2)  Beta
3)  gamma
Select (1-3; q to exit)> ok=false status=error value=nil
1)  Alpha — recent
2)  Beta
3)  gamma
Select (comma-separated; blank=cancel; q to exit)> ok=true status=selected value=[alpha,gamma]
1)  <alpha>
2)  <beta>
3)  <gamma>
Select (1-3; q to exit)> ok=true status=selected value=alpha
ok=false status=error value=nil
ok=false status=error value=nil
