harn.ui_resource.v1
text/html;profile=mcp-app
mcp-app
utf8
ui://harn-dashboard/kpis@v1
true
true
2
harn.ui_tool_meta.v1
ui://harn-dashboard/kpis@v1
app_only
signups
true
true
allow-scripts allow-same-origin
harn.ui_tool_result.v1
true
true
42
signups=42 churn=3
ui_resource
ui_resource
ui://harn-dashboard/kpis@v1
structured_fallback
true
true
true
false
true
false
false
[mcp-app]
[postMessage]
2.0
tools/call
dashboard.refresh
7d
context/update
selection
true
true
false
true
true
true
structured_fallback
true
true
true
