converted_accepted=true
converted_conversions=1
converted_provider_calls=4
not_run_accepted=false
not_run_conversions=0
manner_accepted=false
manner_conversions=0
blind_accepted=false
blind_conversions=0
converted_included_actions=1
converted_omitted_older=1
converted_verification_slots=0
every_case_declares_an_adjudicator=true
passing_verification_converts_the_refusal=true
conversion_is_receipted_once=true
unrun_verifier_does_not_convert=true
unrun_verifier_refusal_stands=true
manner_clause_does_not_convert=true
manner_clause_refusal_stands=true
facts_unavailable_does_not_convert=true
facts_unavailable_refusal_stands=true
