green_accepted=true
green_judge_calls=0
green_outcome=skipped_verified_after_write
green_judge_invoked=false
green_provider_calls=3
no_write_accepted=false
no_write_judge_calls=1
no_write_provider_calls=4
not_run_accepted=false
not_run_judge_calls=1
no_gate_accepted=false
no_gate_judge_calls=1
both_accepted=true
both_judge_calls=0
both_provider_calls=3
both_no_write_accepted=false
both_no_write_judge_calls=1
every_case_declares_an_adjudicator=true
typed_green_terminal_calls_no_judge=true
typed_green_terminal_accepts=true
skip_is_receipted=true
a_judge_that_never_ran_is_not_recorded_as_invoked=true
green_without_a_write_skips_the_judge=true
green_without_a_write_accepts=true
unrun_verifier_skips_the_judge=true
unrun_verifier_accepts=true
no_gate_skips_the_judge=true
no_gate_accepts=true
both_seams_skip_on_a_typed_green=true
both_seams_accept=true
both_seams_skip_without_a_write=true
both_seams_accept_without_a_write=true
