observed_feedback_delivered=true
observed_carries_remedy=true
observed_is_whole=true
observed_exceeds_old_limit=true
observed_unmarked=true
observed_delivered_len_equals_judge_detail_len=true
observed_delivered_len=307
observed_feedback_count=1
unbounded_is_bounded=true
unbounded_is_marked=true
short_unmarked=true
short_is_whole=true
notoken_is_bounded=true
notoken_is_marked=true
