survived_accepted=true
survived_conversions=1
survived_reasks=1
dropped_accepted=true
dropped_conversions=0
dropped_reasks=1
honest_accepted=false
honest_conversions=0
named_accepted=false
named_conversions=0
unrun_accepted=false
unrun_conversions=0
every_case_declares_an_adjudicator=true
contradiction_is_reasked_once=true
resolved_contradiction_is_reasked_once=true
surviving_unnamed_contradiction_converts=true
conversion_is_receipted_once=true
dropped_gap_accepts_without_conversion=true
dropped_gap_needs_no_conversion=true
honest_refusal_on_reask_stands=true
honest_refusal_does_not_convert=true
named_gap_does_not_convert=true
named_gap_refusal_stands=true
unrun_verifier_does_not_convert=true
unrun_verifier_refusal_stands=true
