trigger_raw_worktree_add=true
effect_denial_names_admission_owner=true
negative_unowned_repository_is_not_refused=true
effect_unmeasured_repository_refuses_by_name=true
effect_unknown_admission_command_refuses=true
live_control_raw_cargo_is_also_denied=true
negative_admission_and_inventory_not_denied=true
