trigger_bare_swift_build=true
effect_denial_names_the_make_target=true
negative_repository_without_the_target_is_not_refused=true
negative_unmeasured_repository_is_inert_not_strict=true
negative_make_target_and_other_verbs_not_denied=true
effect_escape_is_scoped_to_its_own_tool=true
live_control_raw_cargo_is_also_denied=true
