pre_dispatch_refusal_agent_loop_measures_zero=true
pre_dispatch_refusal_structured_call_measures_zero=true
pre_dispatch_refusal_surfaces_agree=true
pre_dispatch_refusal_costs_exactly_zero=true
negative_real_request_still_counts_on_structured_call=true
negative_real_request_still_counts_on_agent_loop=true
